

================================================================
== Vivado HLS Report for 'cordic'
================================================================
* Date:           Fri Sep  4 23:44:20 2015

* Version:        2014.2 (Build 932637 on Wed Jun 11 12:38:34 PM 2014)
* Project:        float_iter_100.prj
* Solution:       solution1
* Product family: zynq zynq_fpv6 
* Target device:  xc7z020clg484-1


================================================================
== Performance Estimates
================================================================
+ Timing (ns): 
    * Summary: 
    +---------+-------+----------+------------+
    |  Clock  | Target| Estimated| Uncertainty|
    +---------+-------+----------+------------+
    |default  |  10.00|      8.62|        1.25|
    +---------+-------+----------+------------+

+ Latency (clock cycles): 
    * Summary: 
    +------+------+------+------+---------+
    |   Latency   |   Interval  | Pipeline|
    |  min |  max |  min |  max |   Type  |
    +------+------+------+------+---------+
    |  1442|  1442|  1443|  1443|   none  |
    +------+------+------+------+---------+

    + Detail: 
        * Instance: 
        N/A

        * Loop: 
        +----------+------+------+----------+-----------+-----------+------+----------+
        |          |   Latency   | Iteration|  Initiation Interval  | Trip |          |
        | Loop Name|  min |  max |  Latency |  achieved |   target  | Count| Pipelined|
        +----------+------+------+----------+-----------+-----------+------+----------+
        |- Loop 1  |  1440|  1440|        72|          -|          -|    20|    no    |
        +----------+------+------+----------+-----------+-----------+------+----------+



================================================================
== Utilization Estimates
================================================================
* Summary: 
+-----------------+---------+-------+--------+-------+
|       Name      | BRAM_18K| DSP48E|   FF   |  LUT  |
+-----------------+---------+-------+--------+-------+
|Expression       |        -|      -|       0|     10|
|FIFO             |        -|      -|       -|      -|
|Instance         |        -|      3|    4198|   5921|
|Memory           |        2|      -|       0|      0|
|Multiplexer      |        -|      -|       -|    634|
|Register         |        -|      -|    1041|      -|
+-----------------+---------+-------+--------+-------+
|Total            |        2|      3|    5239|   6565|
+-----------------+---------+-------+--------+-------+
|Available        |      280|    220|  106400|  53200|
+-----------------+---------+-------+--------+-------+
|Utilization (%)  |    ~0   |      1|       4|     12|
+-----------------+---------+-------+--------+-------+

+ Detail: 
    * Instance: 
    +--------------------------------------------+-----------------------------------------+---------+-------+------+------+
    |                  Instance                  |                  Module                 | BRAM_18K| DSP48E|  FF  |  LUT |
    +--------------------------------------------+-----------------------------------------+---------+-------+------+------+
    |cordic_dadddsub_64ns_64ns_64_5_full_dsp_U1  |cordic_dadddsub_64ns_64ns_64_5_full_dsp  |        0|      3|   445|  1149|
    |cordic_dcmp_64ns_64ns_1_3_U3                |cordic_dcmp_64ns_64ns_1_3                |        0|      0|   130|   469|
    |cordic_ddiv_64ns_64ns_64_31_U2              |cordic_ddiv_64ns_64ns_64_31              |        0|      0|  3211|  3658|
    |cordic_uitodp_32ns_64_6_U4                  |cordic_uitodp_32ns_64_6                  |        0|      0|   412|   645|
    +--------------------------------------------+-----------------------------------------+---------+-------+------+------+
    |Total                                       |                                         |        0|      3|  4198|  5921|
    +--------------------------------------------+-----------------------------------------+---------+-------+------+------+

    * Memory: 
    +----------+---------------+---------+---+----+------+-----+------+-------------+
    |  Memory  |     Module    | BRAM_18K| FF| LUT| Words| Bits| Banks| W*Bits*Banks|
    +----------+---------------+---------+---+----+------+-----+------+-------------+
    |angles_U  |cordic_angles  |        2|  0|   0|    20|   64|     1|         1280|
    +----------+---------------+---------+---+----+------+-----+------+-------------+
    |Total     |               |        2|  0|   0|    20|   64|     1|         1280|
    +----------+---------------+---------+---+----+------+-----+------+-------------+

    * FIFO: 
    N/A

    * Expression: 
    +--------------------+----------+-------+---+----+------------+------------+
    |    Variable Name   | Operation| DSP48E| FF| LUT| Bitwidth P0| Bitwidth P1|
    +--------------------+----------+-------+---+----+------------+------------+
    |step_1_fu_201_p2    |     +    |      0|  0|   5|           5|           1|
    |exitcond_fu_195_p2  |   icmp   |      0|  0|   5|           5|           5|
    +--------------------+----------+-------+---+----+------------+------------+
    |Total               |          |      0|  0|  10|          10|           6|
    +--------------------+----------+-------+---+----+------------+------------+

    * Multiplexer: 
    +---------------------+-----+-----------+-----+-----------+
    |         Name        | LUT | Input Size| Bits| Total Bits|
    +---------------------+-----+-----------+-----+-----------+
    |angles_address0      |    5|          3|    5|         15|
    |ap_NS_fsm            |  238|        110|    7|        770|
    |grp_fu_144_opcode    |    2|          3|    2|          6|
    |grp_fu_144_p0        |   64|          5|   64|        320|
    |grp_fu_144_p1        |   64|          4|   64|        256|
    |grp_fu_148_p0        |   64|          3|   64|        192|
    |step_reg_129         |    5|          2|    5|         10|
    |storemerge1_reg_103  |   64|          3|   64|        192|
    |storemerge2_reg_116  |   64|          3|   64|        192|
    |storemerge_reg_90    |   64|          2|   64|        128|
    +---------------------+-----+-----------+-----+-----------+
    |Total                |  634|        138|  403|       2081|
    +---------------------+-----+-----------+-----+-----------+

    * Register: 
    +----------------------+----+----+-----+-----------+
    |         Name         | FF | LUT| Bits| Const Bits|
    +----------------------+----+----+-----+-----------+
    |T_1_reg_306           |  64|   0|   64|          0|
    |T_reg_321             |  64|   0|   64|          0|
    |X_fu_42               |  64|   0|   64|          0|
    |X_load_1_reg_290      |  64|   0|   64|          0|
    |Y_fu_46               |  64|   0|   64|          0|
    |Y_load_1_reg_274      |  64|   0|   64|          0|
    |ap_CS_fsm             |   7|   0|    7|          0|
    |current_1_reg_326     |  64|   0|   64|          0|
    |current_2_reg_311     |  64|   0|   64|          0|
    |current_fu_38         |  64|   0|   64|          0|
    |current_load_reg_281  |  64|   0|   64|          0|
    |reg_169               |  64|   0|   64|          0|
    |reg_175               |  64|   0|   64|          0|
    |step_1_reg_258        |   5|   0|    5|          0|
    |step_reg_129          |   5|   0|    5|          0|
    |storemerge1_reg_103   |  64|   0|   64|          0|
    |storemerge2_reg_116   |  64|   0|   64|          0|
    |storemerge_reg_90     |  64|   0|   64|          0|
    |tmp_3_reg_269         |  64|   0|   64|          0|
    +----------------------+----+----+-----+-----------+
    |Total                 |1041|   0| 1041|          0|
    +----------------------+----+----+-----+-----------+



================================================================
== Interface
================================================================
* Summary: 
+----------+-----+-----+------------+--------------+--------------+
| RTL Ports| Dir | Bits|  Protocol  | Source Object|    C Type    |
+----------+-----+-----+------------+--------------+--------------+
|ap_clk    |  in |    1| ap_ctrl_hs |    cordic    | return value |
|ap_rst    |  in |    1| ap_ctrl_hs |    cordic    | return value |
|ap_start  |  in |    1| ap_ctrl_hs |    cordic    | return value |
|ap_done   | out |    1| ap_ctrl_hs |    cordic    | return value |
|ap_idle   | out |    1| ap_ctrl_hs |    cordic    | return value |
|ap_ready  | out |    1| ap_ctrl_hs |    cordic    | return value |
|theta     |  in |   64|   ap_none  |     theta    |    scalar    |
|s         | out |   64|   ap_vld   |       s      |    pointer   |
|s_ap_vld  | out |    1|   ap_vld   |       s      |    pointer   |
|c         | out |   64|   ap_vld   |       c      |    pointer   |
|c_ap_vld  | out |    1|   ap_vld   |       c      |    pointer   |
+----------+-----+-----+------------+--------------+--------------+

