

================================================================
== Vivado HLS Report for 'cordic'
================================================================
* Date:           Sun Sep  6 23:47:47 2015

* Version:        2014.2 (Build 932637 on Wed Jun 11 12:38:34 PM 2014)
* Project:        fixed_32_20_20.prj
* Solution:       solution1
* Product family: zynq zynq_fpv6 
* Target device:  xc7z020clg484-1


================================================================
== Performance Estimates
================================================================
+ Timing (ns): 
    * Summary: 
    +---------+-------+----------+------------+
    |  Clock  | Target| Estimated| Uncertainty|
    +---------+-------+----------+------------+
    |default  |  10.00|      6.61|        1.25|
    +---------+-------+----------+------------+

+ Latency (clock cycles): 
    * Summary: 
    +-----+-----+-----+-----+---------+
    |  Latency  |  Interval | Pipeline|
    | min | max | min | max |   Type  |
    +-----+-----+-----+-----+---------+
    |   41|   41|   42|   42|   none  |
    +-----+-----+-----+-----+---------+

    + Detail: 
        * Instance: 
        N/A

        * Loop: 
        +----------+-----+-----+----------+-----------+-----------+------+----------+
        |          |  Latency  | Iteration|  Initiation Interval  | Trip |          |
        | Loop Name| min | max |  Latency |  achieved |   target  | Count| Pipelined|
        +----------+-----+-----+----------+-----------+-----------+------+----------+
        |- Loop 1  |   40|   40|         2|          -|          -|    20|    no    |
        +----------+-----+-----+----------+-----------+-----------+------+----------+



================================================================
== Utilization Estimates
================================================================
* Summary: 
+-----------------+---------+-------+--------+-------+
|       Name      | BRAM_18K| DSP48E|   FF   |  LUT  |
+-----------------+---------+-------+--------+-------+
|Expression       |        -|      -|       0|    514|
|FIFO             |        -|      -|       -|      -|
|Instance         |        -|      -|       -|      -|
|Memory           |        0|      -|      12|     76|
|Multiplexer      |        -|      -|       -|    103|
|Register         |        -|      -|     173|      -|
+-----------------+---------+-------+--------+-------+
|Total            |        0|      0|     185|    693|
+-----------------+---------+-------+--------+-------+
|Available        |      280|    220|  106400|  53200|
+-----------------+---------+-------+--------+-------+
|Utilization (%)  |        0|      0|   ~0   |      1|
+-----------------+---------+-------+--------+-------+

+ Detail: 
    * Instance: 
    N/A

    * Memory: 
    +----------+---------------+---------+----+----+------+-----+------+-------------+
    |  Memory  |     Module    | BRAM_18K| FF | LUT| Words| Bits| Banks| W*Bits*Banks|
    +----------+---------------+---------+----+----+------+-----+------+-------------+
    |angles_U  |cordic_angles  |        0|  12|  76|    38|   12|     1|          456|
    +----------+---------------+---------+----+----+------+-----+------+-------------+
    |Total     |               |        0|  12|  76|    38|   12|     1|          456|
    +----------+---------------+---------+----+----+------+-----+------+-------------+

    * FIFO: 
    N/A

    * Expression: 
    +-----------------------+----------+-------+---+----+------------+------------+
    |     Variable Name     | Operation| DSP48E| FF| LUT| Bitwidth P0| Bitwidth P1|
    +-----------------------+----------+-------+---+----+------------+------------+
    |T_V_1_fu_163_p2        |     +    |      0|  0|  32|          32|          32|
    |Y_V_fu_219_p2          |     +    |      0|  0|  32|          32|          32|
    |p_Val2_8_fu_189_p2     |     +    |      0|  0|  32|          32|          32|
    |step_fu_129_p2         |     +    |      0|  0|   5|           5|           1|
    |T_V_fu_146_p2          |     -    |      0|  0|  32|          32|          32|
    |p_Val2_5_fu_200_p2     |     -    |      0|  0|  32|          32|          32|
    |p_Val2_s_7_fu_195_p2   |     -    |      0|  0|  32|           1|          32|
    |X_V_2_fu_169_p3        |  Select  |      0|  0|  32|           1|          32|
    |current_V_fu_212_p3    |  Select  |      0|  0|  32|           1|          32|
    |p_Val2_3_pn_fu_206_p3  |  Select  |      0|  0|  32|           1|          32|
    |p_Val2_1_fu_140_p2     |   ashr   |      0|  0|  88|          32|          32|
    |p_Val2_2_fu_152_p2     |   ashr   |      0|  0|  88|          32|          32|
    |exitcond_fu_123_p2     |   icmp   |      0|  0|   5|           5|           5|
    |tmp_2_fu_135_p2        |   icmp   |      0|  0|  40|          32|          32|
    +-----------------------+----------+-------+---+----+------------+------------+
    |Total                  |          |      0|  0| 514|         270|         390|
    +-----------------------+----------+-------+---+----+------------+------------+

    * Multiplexer: 
    +-------------------+----+-----------+-----+-----------+
    |        Name       | LUT| Input Size| Bits| Total Bits|
    +-------------------+----+-----------+-----+-----------+
    |ap_NS_fsm          |   2|          4|    2|          8|
    |p_Val2_3_reg_82    |  32|          2|   32|         64|
    |p_Val2_4_reg_70    |  32|          2|   32|         64|
    |p_Val2_s_reg_95    |  32|          2|   32|         64|
    |sh_assign_reg_107  |   5|          2|    5|         10|
    +-------------------+----+-----------+-----+-----------+
    |Total              | 103|         12|  103|        210|
    +-------------------+----+-----------+-----+-----------+

    * Register: 
    +-------------------+----+----+-----+-----------+
    |        Name       | FF | LUT| Bits| Const Bits|
    +-------------------+----+----+-----+-----------+
    |X_V_2_reg_255      |  32|   0|   32|          0|
    |ap_CS_fsm          |   2|   0|    2|          0|
    |p_Val2_2_reg_244   |  32|   0|   32|          0|
    |p_Val2_3_reg_82    |  32|   0|   32|          0|
    |p_Val2_4_reg_70    |  32|   0|   32|          0|
    |p_Val2_s_reg_95    |  32|   0|   32|          0|
    |sh_assign_reg_107  |   5|   0|    5|          0|
    |step_reg_233       |   5|   0|    5|          0|
    |tmp_2_reg_238      |   1|   0|    1|          0|
    +-------------------+----+----+-----+-----------+
    |Total              | 173|   0|  173|          0|
    +-------------------+----+----+-----+-----------+



================================================================
== Interface
================================================================
* Summary: 
+------------+-----+-----+------------+--------------+--------------+
|  RTL Ports | Dir | Bits|  Protocol  | Source Object|    C Type    |
+------------+-----+-----+------------+--------------+--------------+
|ap_clk      |  in |    1| ap_ctrl_hs |    cordic    | return value |
|ap_rst      |  in |    1| ap_ctrl_hs |    cordic    | return value |
|ap_start    |  in |    1| ap_ctrl_hs |    cordic    | return value |
|ap_done     | out |    1| ap_ctrl_hs |    cordic    | return value |
|ap_idle     | out |    1| ap_ctrl_hs |    cordic    | return value |
|ap_ready    | out |    1| ap_ctrl_hs |    cordic    | return value |
|theta_V     |  in |   32|   ap_none  |    theta_V   |    scalar    |
|s_V         | out |   32|   ap_vld   |      s_V     |    pointer   |
|s_V_ap_vld  | out |    1|   ap_vld   |      s_V     |    pointer   |
|c_V         | out |   32|   ap_vld   |      c_V     |    pointer   |
|c_V_ap_vld  | out |    1|   ap_vld   |      c_V     |    pointer   |
+------------+-----+-----+------------+--------------+--------------+

